********************************************************************************
   General Structure Analysis System-II Crystal Structure Refinement
              by Robert B. Von Dreele & Brian H. Toby
                Argonne National Laboratory(C), 2010
 This product includes software developed by the UChicago Argonne, LLC,
            as Operator of Argonne National Laboratory.
                          Please cite:
   B.H. Toby & R.B. Von Dreele, J. Appl. Cryst. 46, 544-549 (2013)
********************************************************************************
 Least squares controls:
 Refinement type: analytic Hessian
 Maximum number of cycles: 10
 Regularize hydrogens (if any): False
 Initial shift factor: 1.000

 Phases:

 Phase name: CsBr
=======================================================================================================================================

 X-ray scattering factors:
   Symbol     fa                                      fb                                      fc
---------------------------------------------------------------------------------------------------
 Br        17.17890   5.23580   5.63770   3.98510   2.17230  16.57960   0.26090  41.43280   2.95570
 Cs        20.38920  19.10620  10.66200   1.49530   3.56900   0.31070  24.38790 213.90400   3.33520

 Neutron scattering factors:
   Symbol   isotope       mass       b       resonant terms
---------------------------------------------------------------------------------------------------
 Br      Nat. Abund.     79.904    0.679
 Cs      Nat. Abund.    132.905    0.542

 Space Group: P m -3 m
 The lattice is centrosymmetric primitive cubic
 The Laue symmetry is m3m
 The lattice point group is m3m
 Multiplicity of a general site is 48
 The inversion center is located at 0,0,0
 
 The equivalent positions are:

 ( 1)     X,     Y,     Z 
 ( 2)     Z,     X,     Y 
 ( 3)     Y,     Z,     X 
 ( 4)     X,     Y,    -Z 
 ( 5)    -Z,     X,     Y 
 ( 6)     Y,    -Z,     X 
 ( 7)    -Z,     X,    -Y 
 ( 8)    -Y,    -Z,     X 
 ( 9)     Y,    -Z,    -X 
 (10)    -X,     Y,    -Z 
 (11)    -Z,    -X,     Y 
 (12)     X,    -Y,    -Z 
 (13)     Y,     X,     Z 
 (14)     Z,     Y,     X 
 (15)     X,     Z,     Y 
 (16)     Y,     X,    -Z 
 (17)    -Z,     Y,     X 
 (18)     X,    -Z,     Y 
 (19)    -Z,     Y,    -X 
 (20)    -X,    -Z,     Y 
 (21)     X,    -Z,    -Y 
 (22)    -Y,     X,    -Z 
 (23)    -Z,    -Y,     X 
 (24)     Y,    -X,    -Z 

 Atoms:
   name    type  refine?   x         y         z      frac site sym  mult I/A   Uiso     U11     U22     U33     U12     U13     U23
---------------------------------------------------------------------------------------------------------------------------------------
     Br     Br     XU   0.50000   0.50000   0.50000   1.000    m3m    1    I 0.01920                                                
     Cs     Cs     XU   0.00000   0.00000   0.00000   1.000    m3m    1    I 0.02047                                                

 Unit cell: a = 4.29410 b = 4.29410 c = 4.29410 alpha = 90.000 beta = 90.000 gamma = 90.000 volume = 79.180 Refine? True

 Spherical harmonics texture: Order:0

 Phase name: PbBr2
=======================================================================================================================================

 X-ray scattering factors:
   Symbol     fa                                      fb                                      fc
---------------------------------------------------------------------------------------------------
 Br        17.17890   5.23580   5.63770   3.98510   2.17230  16.57960   0.26090  41.43280   2.95570
 Pb        31.06170  13.06370  18.44200   5.96960   0.69020   2.35760   8.61800  47.25790  13.41180

 Neutron scattering factors:
   Symbol   isotope       mass       b       resonant terms
---------------------------------------------------------------------------------------------------
 Br      Nat. Abund.     79.904    0.679
 Pb      Nat. Abund.    207.200    0.940

 Space Group: P n m a
 The lattice is centrosymmetric primitive orthorhombic
 The Laue symmetry is mmm
 The lattice point group is mmm
 Multiplicity of a general site is 8
 The inversion center is located at 0,0,0
 
 The equivalent positions are:

 ( 1)     X,     Y,     Z 
 ( 2) 1/2-X, 1/2+Y, 1/2+Z 
 ( 3)     X, 1/2-Y,     Z 
 ( 4) 1/2-X,    -Y, 1/2+Z 

 Atoms:
   name    type  refine?   x         y         z      frac site sym  mult I/A   Uiso     U11     U22     U33     U12     U13     U23
---------------------------------------------------------------------------------------------------------------------------------------
    Br1     Br     XU   0.01794   0.25000   0.66854   1.000   m(y)    4    I 0.01258                                                
    Br2     Br     XU   0.14622   0.25000   0.07534   1.000   m(y)    4    I-0.00057                                                
    Pb1     Pb     XU   0.23481   0.25000   0.40971   1.000   m(y)    4    I 0.01695                                                

 Unit cell: a = 8.05819 b = 4.73137 c = 9.53789 alpha = 90.000 beta = 90.000 gamma = 90.000 volume = 363.644 Refine? True

 Spherical harmonics texture: Order:0

 Phase name: CsPbBr3-Pbnm
=======================================================================================================================================

 X-ray scattering factors:
   Symbol     fa                                      fb                                      fc
---------------------------------------------------------------------------------------------------
 Cs        20.38920  19.10620  10.66200   1.49530   3.56900   0.31070  24.38790 213.90400   3.33520
 Pb        31.06170  13.06370  18.44200   5.96960   0.69020   2.35760   8.61800  47.25790  13.41180
 Br        17.17890   5.23580   5.63770   3.98510   2.17230  16.57960   0.26090  41.43280   2.95570

 Neutron scattering factors:
   Symbol   isotope       mass       b       resonant terms
---------------------------------------------------------------------------------------------------
 Cs      Nat. Abund.    132.905    0.542
 Pb      Nat. Abund.    207.200    0.940
 Br      Nat. Abund.     79.904    0.679

 Space Group: P b n m
 The lattice is centrosymmetric primitive orthorhombic
 The Laue symmetry is mmm
 The lattice point group is mmm
 Multiplicity of a general site is 8
 The inversion center is located at 0,0,0
 
 The equivalent positions are:

 ( 1)     X,     Y,     Z 
 ( 2) 1/2-X, 1/2+Y,     Z 
 ( 3) 1/2+X, 1/2-Y, 1/2+Z 
 ( 4)    -X,    -Y, 1/2+Z 

 Atoms:
   name    type  refine?   x         y         z      frac site sym  mult I/A   Uiso     U11     U22     U33     U12     U13     U23
---------------------------------------------------------------------------------------------------------------------------------------
    Cs1     Cs     XU   0.98161   0.97038   0.25000   1.000   m(z)    4    I 0.04187                                                
    Pb2     Pb     XU   0.50000   0.00000   0.00000   1.000     -1    4    I 0.00935                                                
    Br3     Br     XU   0.03832   0.49556   0.25000   1.000   m(z)    4    I 0.01876                                                
    Br4     Br     XU   0.81500   0.20498   0.02261   1.000      1    8    I 0.02130                                                

 Unit cell: a = 8.20484 b = 8.24873 c = 11.75331 alpha = 90.000 beta = 90.000 gamma = 90.000 volume = 795.458 Refine? True

 Spherical harmonics texture: Order:0

 Phase name: Cs4PbBr6-fit
=======================================================================================================================================

 X-ray scattering factors:
   Symbol     fa                                      fb                                      fc
---------------------------------------------------------------------------------------------------
 Pb        31.06170  13.06370  18.44200   5.96960   0.69020   2.35760   8.61800  47.25790  13.41180
 Cs        20.38920  19.10620  10.66200   1.49530   3.56900   0.31070  24.38790 213.90400   3.33520
 Br        17.17890   5.23580   5.63770   3.98510   2.17230  16.57960   0.26090  41.43280   2.95570

 Neutron scattering factors:
   Symbol   isotope       mass       b       resonant terms
---------------------------------------------------------------------------------------------------
 Pb      Nat. Abund.    207.200    0.940
 Cs      Nat. Abund.    132.905    0.542
 Br      Nat. Abund.     79.904    0.679

 Space Group: R -3 c
 The lattice is centrosymmetric R-centered trigonal
 The Laue symmetry is 3m1
 The lattice point group is -3m
 Multiplicity of a general site is 36
 The inversion center is located at 0,0,0
 
 The equivalent positions are:

 (0,0,0; 2/3,1/3,1/3; 1/3,2/3,2/3)+

 ( 1)     X,     Y,     Z 
 ( 2)    -Y,   X-Y,     Z 
 ( 3)   Y-X,    -X,     Z 
 ( 4)   Y-X,     Y, 1/2+Z 
 ( 5)    -Y,    -X, 1/2+Z 
 ( 6)     X,   X-Y, 1/2+Z 

 Atoms:
   name    type  refine?   x         y         z      frac site sym  mult I/A   Uiso     U11     U22     U33     U12     U13     U23
---------------------------------------------------------------------------------------------------------------------------------------
    Pb1     Pb     XU   0.00000   0.00000   0.00000   1.000     -3    6    I-0.01767                                                
    Cs2     Cs     XU  -0.28066  -0.33330  -0.08330   1.000 2(100)   18    I-0.01666                                                
    Cs3     Cs     XU   0.00000   0.00000   0.25000   1.00032(100)    6    I 0.06520                                                
    Br4     Br     XU  -0.00117  -0.16370  -0.10401   1.000      1   36    I 0.09199                                                

 Unit cell: a = 13.71559 b = 13.71559 c = 17.29104 alpha = 90.000 beta = 90.000 gamma = 120.000 volume = 2816.960 Refine? True

 Spherical harmonics texture: Order:0

 Phase: CsBr in histogram: PWDR YN30_10N_speed1.0_groundCs_CsPbBr3_90min_20240616_154209_G01_S01.xye
=======================================================================================================================================
 Phase fraction  :    33.1964 Refine? True
 Extinction coeff:     0.0000 Refine? False
 March-Dollase PO:     1.0000 Refine? False Axis: 0 0 1

 Size model    : isotropic equatorial:       1.000 Refine? False
	 LG mixing coeff.:       1.0000 Refine? False

 Mustrain model:  uniaxial equatorial:      1000.0 Refine? False axial:      1000.0 Refine? True
	 LG mixing coeff.:      1.0000 Refine? True

 Hydrostatic/elastic strain:
 names :         D11          eA
 values:           0           0
 refine:       False       False

 Phase: PbBr2 in histogram: PWDR YN30_10N_speed1.0_groundCs_CsPbBr3_90min_20240616_154209_G01_S01.xye
=======================================================================================================================================
 Phase fraction  :     7.4460 Refine? True
 Extinction coeff:     0.0000 Refine? False
 March-Dollase PO:     1.0000 Refine? False Axis: 0 0 1

 Size model    : isotropic equatorial:       1.000 Refine? False
	 LG mixing coeff.:       1.0000 Refine? False

 Mustrain model:  uniaxial equatorial:      1000.0 Refine? False axial:      1000.0 Refine? True
	 LG mixing coeff.:      1.0000 Refine? True

 Hydrostatic/elastic strain:
 names :         D11         D22         D33
 values:           0           0           0
 refine:       False       False       False

 Phase: CsPbBr3-Pbnm in histogram: PWDR YN30_10N_speed1.0_groundCs_CsPbBr3_90min_20240616_154209_G01_S01.xye
=======================================================================================================================================
 Phase fraction  :     1.3180 Refine? True
 Extinction coeff:     0.0000 Refine? False
 March-Dollase PO:     1.0000 Refine? False Axis: 0 0 1

 Size model    : isotropic equatorial:       1.000 Refine? False
	 LG mixing coeff.:       1.0000 Refine? False

 Mustrain model:  uniaxial equatorial:      1000.0 Refine? False axial:      1000.0 Refine? True
	 LG mixing coeff.:      1.0000 Refine? True

 Hydrostatic/elastic strain:
 names :         D11         D22         D33
 values:           0           0           0
 refine:       False       False       False

 Phase: Cs4PbBr6-fit in histogram: PWDR YN30_10N_speed1.0_groundCs_CsPbBr3_90min_20240616_154209_G01_S01.xye
=======================================================================================================================================
 Phase fraction  :     0.2331 Refine? True
 Extinction coeff:     0.0000 Refine? False
 March-Dollase PO:     1.0000 Refine? False Axis: 0 0 1

 Size model    : isotropic equatorial:       1.000 Refine? False
	 LG mixing coeff.:       1.0000 Refine? False

 Mustrain model:  uniaxial equatorial:      1000.0 Refine? False axial:      1000.0 Refine? True
	 LG mixing coeff.:      1.0000 Refine? True

 Hydrostatic/elastic strain:
 names :         D11         D33
 values:           0           0
 refine:       False       False

 Histogram: PWDR YN30_10N_speed1.0_groundCs_CsPbBr3_90min_20240616_154209_G01_S01.xye histogram Id: 0
=======================================================================================================================================
 Instrument type: Bragg-Brentano
 Histogram limits:    10.00 deg to    50.00 deg

 Sample Parameters:
 Goniometer omega = 0.00, chi = 0.00, phi = 0.00
 name  :         Scale         Shift  Transparency    SurfRoughA    SurfRoughB
 value :        1.0000      211.2183        0.0000        0.0000        0.0118
 refine:         False          True         False         False          True

 Instrument Parameters:
 name  :     Azimuth        Bank I(L2)/I(L1)        Lam1        Lam2    Polariz.        SH/L
 value :    0.000000    1.000000    0.500000    1.540500    1.544300    0.700000    0.002000
 refine:                   False       False                               False       False

 name  :           U           V           W           X           Y           Z        Zero
 value :  355.041571 -220.113001   43.785860    2.754890    0.000000    0.000000    0.000000
 refine:        True        True        True        True       False       False       False

 Background function: cosine Refine? True
 Coefficients:   -315.899 -1322.518 -1435.127 -1366.590 -1219.476  -960.615  -713.561  -505.407  -344.447  -195.616   -83.174
                  -27.476    -8.719     4.537

 Refinement results:
---------------------------------------------------------------------------------------------------------------------------------------
 Number of function calls: 15 No. of observations: 4001 No. of parameters: 71 User rejected: 0 Sp. gp. extinct: 0
 Refinement time =    4.041s,    1.010s/cycle, for 4 cycles
 wR =    7.84%, chi**2 =      20235.1, GOF =   2.27
----------------------------------------------------------------------------------------------------------------------------------
Parameters generated by constraints

 name  :          0::A0          3::A0
 value :        0.05423        0.00709
 sig   :        0.00000        0.00000

 Phases:
 Result for phase: CsBr
=======================================================================================================================================
 Reciprocal metric tensor: 
  names :            A11            A22            A33            A12            A13            A23
  values:    0.054232878    0.054232878    0.054232878    0.000000000    0.000000000    0.000000000
  esds  :    0.000003490                                                                           
 New unit cell:
  names :           a           b           c       alpha        beta       gamma      Volume
  values:    4.294066    4.294066    4.294066     90.0000     90.0000     90.0000      79.178
  esds  :    0.000138    0.000138    0.000138                                           0.008

 Atoms:
   name      x         y         z      frac   Uiso     U11     U22     U33     U12     U13     U23
---------------------------------------------------------------------------------------------------------------------------------------
     Br     Br:
 values:   0.50000   0.50000   0.50000   1.000 0.02479
 sig   :                                       0.00409
     Cs     Cs:
 values:   0.00000   0.00000   0.00000   1.000 0.02562
 sig   :                                       0.00378

 Density: 4.463066.4 g/cm**3
 Result for phase: PbBr2
=======================================================================================================================================
 Reciprocal metric tensor: 
  names :            A11            A22            A33            A12            A13            A23
  values:    0.015400926    0.044670243    0.010992609    0.000000000    0.000000000    0.000000000
  esds  :    0.000000830    0.000002596    0.000000614                                             
 New unit cell:
  names :           a           b           c       alpha        beta       gamma      Volume
  values:    8.057988    4.731413    9.537831     90.0000     90.0000     90.0000     363.636
  esds  :    0.000217    0.000137    0.000266                                           0.021

 Atoms:
   name      x         y         z      frac   Uiso     U11     U22     U33     U12     U13     U23
---------------------------------------------------------------------------------------------------------------------------------------
    Br1     Br:
 values:   0.01822   0.25000   0.66925   1.000 0.01737
 sig   :   0.00062             0.00046         0.00431
    Br2     Br:
 values:   0.14753   0.25000   0.07477   1.000 0.00150
 sig   :   0.00047             0.00054         0.00407
    Pb1     Pb:
 values:   0.23456   0.25000   0.40987   1.000 0.02252
 sig   :   0.00032             0.00023         0.00309

 Density: 6.703751.4 g/cm**3
 Result for phase: CsPbBr3-Pbnm
=======================================================================================================================================
 Reciprocal metric tensor: 
  names :            A11            A22            A33            A12            A13            A23
  values:    0.014858093    0.014699668    0.007236839    0.000000000    0.000000000    0.000000000
  esds  :    0.000002854    0.000002649    0.000000926                                             
 New unit cell:
  names :           a           b           c       alpha        beta       gamma      Volume
  values:    8.203864    8.247954   11.755079     90.0000     90.0000     90.0000     795.409
  esds  :    0.000788    0.000743    0.000752                                           0.085

 Atoms:
   name      x         y         z      frac   Uiso     U11     U22     U33     U12     U13     U23
---------------------------------------------------------------------------------------------------------------------------------------
    Cs1     Cs:
 values:   0.96869   0.96576   0.25000   1.000 0.02537
 sig   :   0.00229   0.00223                   0.00811
    Pb2     Pb:
 values:   0.50000   0.00000   0.00000   1.000 0.01559
 sig   :                                       0.00505
    Br3     Br:
 values:   0.02654   0.49640   0.25000   1.000 0.02380
 sig   :   0.00404   0.00407                   0.01051
    Br4     Br:
 values:   0.82399   0.20271   0.02303   1.000-0.00112
 sig   :   0.00199   0.00258   0.00176         0.00858

 Density: 4.841836.4 g/cm**3
 Result for phase: Cs4PbBr6-fit
=======================================================================================================================================
 Reciprocal metric tensor: 
  names :            A11            A22            A33            A12            A13            A23
  values:    0.007089359    0.007089359    0.003344341    0.007089359    0.000000000    0.000000000
  esds  :    0.000001394                   0.000000928                                             
 New unit cell:
  names :           a           b           c       alpha        beta       gamma      Volume
  values:   13.714055   13.714055   17.291979     90.0000     90.0000    120.0000    2816.483
  esds  :    0.002247    0.002247    0.002399                                           0.566

 Atoms:
   name      x         y         z      frac   Uiso     U11     U22     U33     U12     U13     U23
---------------------------------------------------------------------------------------------------------------------------------------
    Pb1     Pb:
 values:   0.00000   0.00000   0.00000   1.000-0.02337
 sig   :                                       0.01175
    Cs2     Cs:
 values:  -0.29370  -0.33330  -0.08330   1.000-0.00211
 sig   :   0.00409                             0.01512
    Cs3     Cs:
 values:   0.00000   0.00000   0.25000   1.000 0.04122
 sig   :                                       0.01849
    Br4     Br:
 values:  -0.03399  -0.17849  -0.10749   1.000 0.12322
 sig   :   0.00483   0.00262   0.00185         0.01717

 Density: 4.309509.4 g/cm**3

 Phase: CsBr in histogram: PWDR YN30_10N_speed1.0_groundCs_CsPbBr3_90min_20240616_154209_G01_S01.xye
=======================================================================================================================================
 Final refinement RF, RF^2 = 1.41%, 2.57% on 5 reflections
 Durbin-Watson statistic = 0.322
 Bragg intensity sum = 3.68e+05
 Phase fraction  :   34.54489, sig    1.22780 Weight fraction  :  0.31307, sig    0.01113

 Mustrain model:  uniaxial
 equatorial:      1000.0 axial:       280.3, sig:   360.8 LG mix coeff.:      1.0801, sig:   0.116

 Phase: PbBr2 in histogram: PWDR YN30_10N_speed1.0_groundCs_CsPbBr3_90min_20240616_154209_G01_S01.xye
=======================================================================================================================================
 Final refinement RF, RF^2 = 3.41%, 9.87% on 41 reflections
 Durbin-Watson statistic = 0.322
 Bragg intensity sum = 8.06e+05
 Phase fraction  :    7.66808, sig    0.27619 Weight fraction  :  0.47939, sig    0.01727

 Mustrain model:  uniaxial
 equatorial:      1000.0 axial:       102.0, sig:    22.9 LG mix coeff.:      1.8689, sig:   0.133

 Phase: CsPbBr3-Pbnm in histogram: PWDR YN30_10N_speed1.0_groundCs_CsPbBr3_90min_20240616_154209_G01_S01.xye
=======================================================================================================================================
 Final refinement RF, RF^2 = 4.08%, 5.67% on 77 reflections
 Durbin-Watson statistic = 0.322
 Bragg intensity sum = 2.54e+05
 Phase fraction  :    1.41362, sig    0.06257 Weight fraction  :  0.13962, sig    0.00618

 Mustrain model:  uniaxial
 equatorial:      1000.0 axial:       297.7, sig:    80.5 LG mix coeff.:      1.9556, sig:   0.288

 Phase: Cs4PbBr6-fit in histogram: PWDR YN30_10N_speed1.0_groundCs_CsPbBr3_90min_20240616_154209_G01_S01.xye
=======================================================================================================================================
 Final refinement RF, RF^2 = 8.01%, 17.86% on 55 reflections
 Durbin-Watson statistic = 0.322
 Bragg intensity sum = 1.14e+05
 Phase fraction  :    0.21817, sig    0.01130 Weight fraction  :  0.06791, sig    0.00352

 Mustrain model:  uniaxial
 equatorial:      1000.0 axial:      2130.9, sig:  2331.5 LG mix coeff.:      0.7332, sig:   0.347

 Histogram: PWDR YN30_10N_speed1.0_groundCs_CsPbBr3_90min_20240616_154209_G01_S01.xye histogram Id: 0
=======================================================================================================================================
 PWDR histogram weight factor = 1.000
 Final refinement wR = 7.84% on 4001 observations in this histogram
 Other residuals: R = 5.84%, R-bkg = 5.89%, wR-bkg = 7.84% wRmin = 3.49%
 Instrument type: Bragg-Brentano

 Resonant form factors:(ref: D.T. Cromer & D.A. Liberman (1981), Acta Cryst. A37, 267-268.)
 Element:       Br       Cs       Pb
 f'     :   -0.679   -0.745   -4.078
 f"     :    1.281    7.902    8.501

 Sample Parameters:
 names :         Scale         Shift  Transparency    SurfRoughA    SurfRoughB
 values:        1.0000      211.5587        0.0000        0.0000        0.0150
 sig   :                      1.1035                                    0.0049

 Instrument Parameters:
 names :           U           V           W           X           Y           Z        Zero
 value :  357.932738 -218.766637   44.499707    2.692294    0.000000    0.000000    0.000000
 sig   :   42.925883   24.888683    3.540362    0.179820                                    

 Background function: cosine
 value :     -316.6     -1323     -1435     -1364     -1220    -961.3    -715.6    -502.9    -344.3    -198.8    -84.51    -26.52    -10.44       1.6
 sig   :      6.644     11.73     7.872     2.907     3.447     8.958     13.17     15.68     16.03     14.47      11.8     8.666     5.532     2.983
 Background sums: empirical 1.73e+06, Debye 0, peaks 0, Total 1.73e+06
