********************************************************************************
   General Structure Analysis System-II Crystal Structure Refinement
              by Robert B. Von Dreele & Brian H. Toby
                Argonne National Laboratory(C), 2010
 This product includes software developed by the UChicago Argonne, LLC,
            as Operator of Argonne National Laboratory.
                          Please cite:
   B.H. Toby & R.B. Von Dreele, J. Appl. Cryst. 46, 544-549 (2013)
********************************************************************************
 Least squares controls:
 Refinement type: analytic Hessian
 Maximum number of cycles: 10
 Regularize hydrogens (if any): False
 Initial shift factor: 1.000

 Phases:

 Phase name: CsBr
=======================================================================================================================================

 X-ray scattering factors:
   Symbol     fa                                      fb                                      fc
---------------------------------------------------------------------------------------------------
 Br        17.17890   5.23580   5.63770   3.98510   2.17230  16.57960   0.26090  41.43280   2.95570
 Cs        20.38920  19.10620  10.66200   1.49530   3.56900   0.31070  24.38790 213.90400   3.33520

 Neutron scattering factors:
   Symbol   isotope       mass       b       resonant terms
---------------------------------------------------------------------------------------------------
 Br      Nat. Abund.     79.904    0.679
 Cs      Nat. Abund.    132.905    0.542

 Space Group: P m -3 m
 The lattice is centrosymmetric primitive cubic
 The Laue symmetry is m3m
 The lattice point group is m3m
 Multiplicity of a general site is 48
 The inversion center is located at 0,0,0
 
 The equivalent positions are:

 ( 1)     X,     Y,     Z 
 ( 2)     Z,     X,     Y 
 ( 3)     Y,     Z,     X 
 ( 4)     X,     Y,    -Z 
 ( 5)    -Z,     X,     Y 
 ( 6)     Y,    -Z,     X 
 ( 7)    -Z,     X,    -Y 
 ( 8)    -Y,    -Z,     X 
 ( 9)     Y,    -Z,    -X 
 (10)    -X,     Y,    -Z 
 (11)    -Z,    -X,     Y 
 (12)     X,    -Y,    -Z 
 (13)     Y,     X,     Z 
 (14)     Z,     Y,     X 
 (15)     X,     Z,     Y 
 (16)     Y,     X,    -Z 
 (17)    -Z,     Y,     X 
 (18)     X,    -Z,     Y 
 (19)    -Z,     Y,    -X 
 (20)    -X,    -Z,     Y 
 (21)     X,    -Z,    -Y 
 (22)    -Y,     X,    -Z 
 (23)    -Z,    -Y,     X 
 (24)     Y,    -X,    -Z 

 Atoms:
   name    type  refine?   x         y         z      frac site sym  mult I/A   Uiso     U11     U22     U33     U12     U13     U23
---------------------------------------------------------------------------------------------------------------------------------------
     Br     Br     XU   0.50000   0.50000   0.50000   1.000    m3m    1    I 0.02834                                                
     Cs     Cs     XU   0.00000   0.00000   0.00000   1.000    m3m    1    I 0.03864                                                

 Unit cell: a = 4.29218 b = 4.29218 c = 4.29218 alpha = 90.000 beta = 90.000 gamma = 90.000 volume = 79.074 Refine? True

 Spherical harmonics texture: Order:0

 Phase name: PbBr2
=======================================================================================================================================

 X-ray scattering factors:
   Symbol     fa                                      fb                                      fc
---------------------------------------------------------------------------------------------------
 Br        17.17890   5.23580   5.63770   3.98510   2.17230  16.57960   0.26090  41.43280   2.95570
 Pb        31.06170  13.06370  18.44200   5.96960   0.69020   2.35760   8.61800  47.25790  13.41180

 Neutron scattering factors:
   Symbol   isotope       mass       b       resonant terms
---------------------------------------------------------------------------------------------------
 Br      Nat. Abund.     79.904    0.679
 Pb      Nat. Abund.    207.200    0.940

 Space Group: P n m a
 The lattice is centrosymmetric primitive orthorhombic
 The Laue symmetry is mmm
 The lattice point group is mmm
 Multiplicity of a general site is 8
 The inversion center is located at 0,0,0
 
 The equivalent positions are:

 ( 1)     X,     Y,     Z 
 ( 2) 1/2-X, 1/2+Y, 1/2+Z 
 ( 3)     X, 1/2-Y,     Z 
 ( 4) 1/2-X,    -Y, 1/2+Z 

 Atoms:
   name    type  refine?   x         y         z      frac site sym  mult I/A   Uiso     U11     U22     U33     U12     U13     U23
---------------------------------------------------------------------------------------------------------------------------------------
    Br1     Br     XU   0.01142   0.25000   0.65915   1.000   m(y)    4    I 0.09469                                                
    Br2     Br     XU   0.14840   0.25000   0.05392   1.000   m(y)    4    I 0.03686                                                
    Pb1     Pb     XU   0.23081   0.25000   0.41761   1.000   m(y)    4    I 0.06318                                                

 Unit cell: a = 8.05517 b = 4.73044 c = 9.53536 alpha = 90.000 beta = 90.000 gamma = 90.000 volume = 363.340 Refine? True

 Spherical harmonics texture: Order:0

 Phase name: CsPbBr3-Pbnm
=======================================================================================================================================

 X-ray scattering factors:
   Symbol     fa                                      fb                                      fc
---------------------------------------------------------------------------------------------------
 Cs        20.38920  19.10620  10.66200   1.49530   3.56900   0.31070  24.38790 213.90400   3.33520
 Pb        31.06170  13.06370  18.44200   5.96960   0.69020   2.35760   8.61800  47.25790  13.41180
 Br        17.17890   5.23580   5.63770   3.98510   2.17230  16.57960   0.26090  41.43280   2.95570

 Neutron scattering factors:
   Symbol   isotope       mass       b       resonant terms
---------------------------------------------------------------------------------------------------
 Cs      Nat. Abund.    132.905    0.542
 Pb      Nat. Abund.    207.200    0.940
 Br      Nat. Abund.     79.904    0.679

 Space Group: P b n m
 The lattice is centrosymmetric primitive orthorhombic
 The Laue symmetry is mmm
 The lattice point group is mmm
 Multiplicity of a general site is 8
 The inversion center is located at 0,0,0
 
 The equivalent positions are:

 ( 1)     X,     Y,     Z 
 ( 2) 1/2-X, 1/2+Y,     Z 
 ( 3) 1/2+X, 1/2-Y, 1/2+Z 
 ( 4)    -X,    -Y, 1/2+Z 

 Atoms:
   name    type  refine?   x         y         z      frac site sym  mult I/A   Uiso     U11     U22     U33     U12     U13     U23
---------------------------------------------------------------------------------------------------------------------------------------
    Cs1     Cs     XU   1.00348   1.02538   0.25000   1.000   m(z)    4    I 0.03314                                                
    Pb2     Pb     XU   0.50000   0.00000   0.00000   1.000     -1    4    I-0.01482                                                
    Br3     Br     XU   0.15690   0.57911   0.25000   1.000   m(z)    4    I-0.28745                                                
    Br4     Br     XU   0.83514   0.06275   0.00856   1.000      1    8    I-0.27709                                                

 Unit cell: a = 8.24297 b = 8.19962 c = 11.77880 alpha = 90.000 beta = 90.000 gamma = 90.000 volume = 796.120 Refine? True

 Spherical harmonics texture: Order:0

 Phase name: Cs4PbBr6-fit
=======================================================================================================================================

 X-ray scattering factors:
   Symbol     fa                                      fb                                      fc
---------------------------------------------------------------------------------------------------
 Pb        31.06170  13.06370  18.44200   5.96960   0.69020   2.35760   8.61800  47.25790  13.41180
 Cs        20.38920  19.10620  10.66200   1.49530   3.56900   0.31070  24.38790 213.90400   3.33520
 Br        17.17890   5.23580   5.63770   3.98510   2.17230  16.57960   0.26090  41.43280   2.95570

 Neutron scattering factors:
   Symbol   isotope       mass       b       resonant terms
---------------------------------------------------------------------------------------------------
 Pb      Nat. Abund.    207.200    0.940
 Cs      Nat. Abund.    132.905    0.542
 Br      Nat. Abund.     79.904    0.679

 Space Group: R -3 c
 The lattice is centrosymmetric R-centered trigonal
 The Laue symmetry is 3m1
 The lattice point group is -3m
 Multiplicity of a general site is 36
 The inversion center is located at 0,0,0
 
 The equivalent positions are:

 (0,0,0; 2/3,1/3,1/3; 1/3,2/3,2/3)+

 ( 1)     X,     Y,     Z 
 ( 2)    -Y,   X-Y,     Z 
 ( 3)   Y-X,    -X,     Z 
 ( 4)   Y-X,     Y, 1/2+Z 
 ( 5)    -Y,    -X, 1/2+Z 
 ( 6)     X,   X-Y, 1/2+Z 

 Atoms:
   name    type  refine?   x         y         z      frac site sym  mult I/A   Uiso     U11     U22     U33     U12     U13     U23
---------------------------------------------------------------------------------------------------------------------------------------
    Pb1     Pb     XU   0.00000   0.00000   0.00000   1.000     -3    6    I 0.18081                                                
    Cs2     Cs     XU  -0.31247  -0.33330  -0.08330   1.000 2(100)   18    I-0.08278                                                
    Cs3     Cs     XU   0.00000   0.00000   0.25000   1.00032(100)    6    I-0.29396                                                
    Br4     Br     XU  -0.02922  -0.19727  -0.10782   1.000      1   36    I-0.02251                                                

 Unit cell: a = 13.70660 b = 13.70660 c = 17.32217 alpha = 90.000 beta = 90.000 gamma = 120.000 volume = 2818.332 Refine? True

 Spherical harmonics texture: Order:0

 Phase: CsBr in histogram: PWDR YN31_10N_speed0.5_groundCs_CsPbBr3_45min_20240616_194906_G01_S01.xye
=======================================================================================================================================
 Phase fraction  :    38.7636 Refine? True
 Extinction coeff:     0.0000 Refine? False
 March-Dollase PO:     1.0000 Refine? False Axis: 0 0 1

 Size model    : isotropic equatorial:       1.000 Refine? False
	 LG mixing coeff.:       1.0000 Refine? False

 Mustrain model:  uniaxial equatorial:      1000.0 Refine? False axial:      1000.0 Refine? True
	 LG mixing coeff.:      1.0000 Refine? True

 Hydrostatic/elastic strain:
 names :         D11          eA
 values:           0           0
 refine:       False       False

 Phase: PbBr2 in histogram: PWDR YN31_10N_speed0.5_groundCs_CsPbBr3_45min_20240616_194906_G01_S01.xye
=======================================================================================================================================
 Phase fraction  :     9.0914 Refine? True
 Extinction coeff:     0.0000 Refine? False
 March-Dollase PO:     1.0000 Refine? False Axis: 0 0 1

 Size model    : isotropic equatorial:       1.000 Refine? False
	 LG mixing coeff.:       1.0000 Refine? False

 Mustrain model:  uniaxial equatorial:      1000.0 Refine? False axial:      1000.0 Refine? True
	 LG mixing coeff.:      1.0000 Refine? True

 Hydrostatic/elastic strain:
 names :         D11         D22         D33
 values:           0           0           0
 refine:       False       False       False

 Phase: CsPbBr3-Pbnm in histogram: PWDR YN31_10N_speed0.5_groundCs_CsPbBr3_45min_20240616_194906_G01_S01.xye
=======================================================================================================================================
 Phase fraction  :     0.6501 Refine? True
 Extinction coeff:     0.0000 Refine? False
 March-Dollase PO:     1.0000 Refine? False Axis: 0 0 1

 Size model    : isotropic equatorial:       1.000 Refine? False
	 LG mixing coeff.:       1.0000 Refine? False

 Mustrain model:  uniaxial equatorial:      1000.0 Refine? False axial:      1000.0 Refine? True
	 LG mixing coeff.:      1.0000 Refine? True

 Hydrostatic/elastic strain:
 names :         D11         D22         D33
 values:           0           0           0
 refine:       False       False       False

 Phase: Cs4PbBr6-fit in histogram: PWDR YN31_10N_speed0.5_groundCs_CsPbBr3_45min_20240616_194906_G01_S01.xye
=======================================================================================================================================
 Phase fraction  :     0.1311 Refine? True
 Extinction coeff:     0.0000 Refine? False
 March-Dollase PO:     1.0000 Refine? False Axis: 0 0 1

 Size model    : isotropic equatorial:       1.000 Refine? False
	 LG mixing coeff.:       1.0000 Refine? False

 Mustrain model:  uniaxial equatorial:      1000.0 Refine? False axial:      1000.0 Refine? True
	 LG mixing coeff.:      1.0000 Refine? True

 Hydrostatic/elastic strain:
 names :         D11         D33
 values:           0           0
 refine:       False       False

 Histogram: PWDR YN31_10N_speed0.5_groundCs_CsPbBr3_45min_20240616_194906_G01_S01.xye histogram Id: 0
=======================================================================================================================================
 Instrument type: Bragg-Brentano
 Histogram limits:    10.00 deg to    50.00 deg

 Sample Parameters:
 Goniometer omega = 0.00, chi = 0.00, phi = 0.00
 name  :         Scale         Shift  Transparency    SurfRoughA    SurfRoughB
 value :        1.0000      208.8576        0.0000        0.0000        0.0000
 refine:         False          True         False         False         False

 Instrument Parameters:
 name  :     Azimuth        Bank I(L2)/I(L1)        Lam1        Lam2    Polariz.        SH/L
 value :    0.000000    1.000000    0.500000    1.540500    1.544300    0.700000   -0.006996
 refine:                   False       False                               False        True

 name  :           U           V           W           X           Y           Z        Zero
 value :    2.000000   -2.000000   34.080045    0.000000    0.000000    0.000000    0.000000
 refine:       False       False        True       False       False       False       False

 Background function: cosine Refine? True
 Coefficients:   2002.587  3139.942  2732.315  2335.248  1895.889  1529.441  1156.969   817.317   493.644   292.777   176.447
                   87.381

 Refinement results:
---------------------------------------------------------------------------------------------------------------------------------------
 Number of function calls: 33 No. of observations: 4001 No. of parameters: 66 User rejected: 0 Sp. gp. extinct: 0
 Refinement time =   43.930s,    3.994s/cycle, for 11 cycles
 wR =   13.52%, chi**2 =      62948.4, GOF =   4.00
----------------------------------------------------------------------------------------------------------------------------------
Parameters generated by constraints

 name  :          0::A0          3::A0
 value :        0.05428        0.00709
 sig   :        0.00001        0.00000

 Phases:
 Result for phase: CsBr
=======================================================================================================================================
 Reciprocal metric tensor: 
  names :            A11            A22            A33            A12            A13            A23
  values:    0.054275874    0.054275874    0.054275874    0.000000000    0.000000000    0.000000000
  esds  :    0.000008750                                                                           
 New unit cell:
  names :           a           b           c       alpha        beta       gamma      Volume
  values:    4.292364    4.292364    4.292364     90.0000     90.0000     90.0000      79.084
  esds  :    0.000346    0.000346    0.000346                                           0.019

 Atoms:
   name      x         y         z      frac   Uiso     U11     U22     U33     U12     U13     U23
---------------------------------------------------------------------------------------------------------------------------------------
     Br     Br:
 values:   0.50000   0.50000   0.50000   1.000 0.02075
 sig   :                                       0.00533
     Cs     Cs:
 values:   0.00000   0.00000   0.00000   1.000 0.03609
 sig   :                                       0.00506

 Density: 4.468375.4 g/cm**3
 Result for phase: PbBr2
=======================================================================================================================================
 Reciprocal metric tensor: 
  names :            A11            A22            A33            A12            A13            A23
  values:    0.015408920    0.044685944    0.010998303    0.000000000    0.000000000    0.000000000
  esds  :    0.000002168    0.000006540    0.000001403                                             
 New unit cell:
  names :           a           b           c       alpha        beta       gamma      Volume
  values:    8.055897    4.730582    9.535361     90.0000     90.0000     90.0000     363.384
  esds  :    0.000567    0.000346    0.000608                                           0.056

 Atoms:
   name      x         y         z      frac   Uiso     U11     U22     U33     U12     U13     U23
---------------------------------------------------------------------------------------------------------------------------------------
    Br1     Br:
 values:   0.01628   0.25000   0.66266   1.000 0.09094
 sig   :   0.00137             0.00091         0.00576
    Br2     Br:
 values:   0.14784   0.25000   0.05062   1.000 0.02399
 sig   :   0.00085             0.00101         0.00442
    Pb1     Pb:
 values:   0.23052   0.25000   0.41790   1.000 0.05278
 sig   :   0.00059             0.00043         0.00335

 Density: 6.708405.4 g/cm**3
 Result for phase: CsPbBr3-Pbnm
=======================================================================================================================================
 Reciprocal metric tensor: 
  names :            A11            A22            A33            A12            A13            A23
  values:    0.014698908    0.014877279    0.007238856    0.000000000    0.000000000    0.000000000
  esds  :    0.000003406    0.000005389    0.000003405                                             
 New unit cell:
  names :           a           b           c       alpha        beta       gamma      Volume
  values:    8.248167    8.198573   11.753441     90.0000     90.0000     90.0000     794.805
  esds  :    0.000956    0.001485    0.002764                                           0.214

 Atoms:
   name      x         y         z      frac   Uiso     U11     U22     U33     U12     U13     U23
---------------------------------------------------------------------------------------------------------------------------------------
    Cs1     Cs:
 values:   0.99954   0.99502   0.25000   1.000-0.00685
 sig   :   0.00595   0.00526                   0.02443
    Pb2     Pb:
 values:   0.50000   0.00000   0.00000   1.000 0.09075
 sig   :                                       0.03183
    Br3     Br:
 values:   0.16260   0.59853   0.25000   1.000-0.26137
 sig   :   0.00804   0.00500                   0.02252
    Br4     Br:
 values:   0.83846   0.05773   0.00740   1.000-0.28488
 sig   :   0.00622   0.00317   0.00249         0.01507

 Density: 4.845511.4 g/cm**3
 Result for phase: Cs4PbBr6-fit
=======================================================================================================================================
 Reciprocal metric tensor: 
  names :            A11            A22            A33            A12            A13            A23
  values:    0.007094365    0.007094365    0.003335478    0.007094365    0.000000000    0.000000000
  esds  :    0.000002419                   0.000002481                                             
 New unit cell:
  names :           a           b           c       alpha        beta       gamma      Volume
  values:   13.709216   13.709216   17.314938     90.0000     90.0000    120.0000    2818.232
  esds  :    0.003895    0.003895    0.006441                                           1.270

 Atoms:
   name      x         y         z      frac   Uiso     U11     U22     U33     U12     U13     U23
---------------------------------------------------------------------------------------------------------------------------------------
    Pb1     Pb:
 values:   0.00000   0.00000   0.00000   1.000 0.16630
 sig   :                                       0.05509
    Cs2     Cs:
 values:  -0.29360  -0.33330  -0.08330   1.000-0.43213
 sig   :   0.00823                             0.02848
    Cs3     Cs:
 values:   0.00000   0.00000   0.25000   1.000-0.75975
 sig   :                                       0.04152
    Br4     Br:
 values:   0.00772  -0.20157  -0.11066   1.000-0.16895
 sig   :   0.00784   0.00493   0.00255         0.01366

 Density: 4.306834.4 g/cm**3

 Phase: CsBr in histogram: PWDR YN31_10N_speed0.5_groundCs_CsPbBr3_45min_20240616_194906_G01_S01.xye
=======================================================================================================================================
 Final refinement RF, RF^2 = 4.04%, 3.42% on 5 reflections
 Durbin-Watson statistic = 0.109
 Bragg intensity sum = 4.17e+05
 Phase fraction  :   38.85901, sig    0.90300 Weight fraction  :  0.34396, sig    0.00799

 Mustrain model:  uniaxial
 equatorial:      1000.0 axial:       366.4, sig:   469.3 LG mix coeff.:      2.0882, sig:   0.120

 Phase: PbBr2 in histogram: PWDR YN31_10N_speed0.5_groundCs_CsPbBr3_45min_20240616_194906_G01_S01.xye
=======================================================================================================================================
 Final refinement RF, RF^2 = 9.04%, 16.08% on 41 reflections
 Durbin-Watson statistic = 0.109
 Bragg intensity sum = 8.67e+05
 Phase fraction  :    9.41173, sig    0.15783 Weight fraction  :  0.57469, sig    0.00964

 Mustrain model:  uniaxial
 equatorial:      1000.0 axial:       169.1, sig:    12.6 LG mix coeff.:      6.4792, sig:   0.266

 Phase: CsPbBr3-Pbnm in histogram: PWDR YN31_10N_speed0.5_groundCs_CsPbBr3_45min_20240616_194906_G01_S01.xye
=======================================================================================================================================
 Final refinement RF, RF^2 = 12.41%, 7.06% on 76 reflections
 Durbin-Watson statistic = 0.109
 Bragg intensity sum = 1.78e+05
 Phase fraction  :    0.62950, sig    0.04980 Weight fraction  :  0.06073, sig    0.00480

 Mustrain model:  uniaxial
 equatorial:      1000.0 axial:     19672.2, sig:  3759.6 LG mix coeff.:     -1.0446, sig:   0.313

 Phase: Cs4PbBr6-fit in histogram: PWDR YN31_10N_speed0.5_groundCs_CsPbBr3_45min_20240616_194906_G01_S01.xye
=======================================================================================================================================
 Final refinement RF, RF^2 = 17.47%, 27.04% on 55 reflections
 Durbin-Watson statistic = 0.109
 Bragg intensity sum = 7.99e+04
 Phase fraction  :    0.06785, sig    0.00603 Weight fraction  :  0.02063, sig    0.00183

 Mustrain model:  uniaxial
 equatorial:      1000.0 axial:      2463.9, sig:  5544.7 LG mix coeff.:      0.9304, sig:   0.678

 Histogram: PWDR YN31_10N_speed0.5_groundCs_CsPbBr3_45min_20240616_194906_G01_S01.xye histogram Id: 0
=======================================================================================================================================
 PWDR histogram weight factor = 1.000
 Final refinement wR = 13.52% on 4001 observations in this histogram
 Other residuals: R = 9.80%, R-bkg = 11.00%, wR-bkg = 13.52% wRmin = 3.41%
 Instrument type: Bragg-Brentano

 Resonant form factors:(ref: D.T. Cromer & D.A. Liberman (1981), Acta Cryst. A37, 267-268.)
 Element:       Br       Cs       Pb
 f'     :   -0.679   -0.745   -4.078
 f"     :    1.281    7.902    8.501

 Sample Parameters:
 names :         Scale         Shift  Transparency    SurfRoughA    SurfRoughB
 values:        1.0000      205.3922        0.0000        0.0000        0.0000
 sig   :                      6.1056                                          

 Instrument Parameters:
 names :        Bank I(L2)/I(L1)    Polariz.        SH/L
 value :    1.000000    0.500000    0.700000   -0.071009
 sig   :                                        0.024942

 Instrument Parameters:
 names :           U           V           W           X           Y           Z        Zero
 value :    2.000000   -2.000000   25.163427    0.000000    0.000000    0.000000    0.000000
 sig   :                            0.837310                                                

 Background function: cosine
 value :       1996      3144      2737      2325      1897      1530      1166     812.5     505.7     297.5     174.9     92.96
 sig   :      222.7     433.8       403     356.8     299.3     236.9     176.2       122     77.46     44.16     22.05     8.346
 Background sums: empirical 1.83e+06, Debye 0, peaks 0, Total 1.83e+06
