********************************************************************************
   General Structure Analysis System-II Crystal Structure Refinement
              by Robert B. Von Dreele & Brian H. Toby
                Argonne National Laboratory(C), 2010
 This product includes software developed by the UChicago Argonne, LLC,
            as Operator of Argonne National Laboratory.
                          Please cite:
   B.H. Toby & R.B. Von Dreele, J. Appl. Cryst. 46, 544-549 (2013)
********************************************************************************
 Least squares controls:
 Refinement type: analytic Hessian
 Maximum number of cycles: 10
 Regularize hydrogens (if any): False
 Initial shift factor: 1.000

 Phases:

 Phase name: CsBr
=======================================================================================================================================

 X-ray scattering factors:
   Symbol     fa                                      fb                                      fc
---------------------------------------------------------------------------------------------------
 Br        17.17890   5.23580   5.63770   3.98510   2.17230  16.57960   0.26090  41.43280   2.95570
 Cs        20.38920  19.10620  10.66200   1.49530   3.56900   0.31070  24.38790 213.90400   3.33520

 Neutron scattering factors:
   Symbol   isotope       mass       b       resonant terms
---------------------------------------------------------------------------------------------------
 Br      Nat. Abund.     79.904    0.679
 Cs      Nat. Abund.    132.905    0.542

 Space Group: P m -3 m
 The lattice is centrosymmetric primitive cubic
 The Laue symmetry is m3m
 The lattice point group is m3m
 Multiplicity of a general site is 48
 The inversion center is located at 0,0,0
 
 The equivalent positions are:

 ( 1)     X,     Y,     Z 
 ( 2)     Z,     X,     Y 
 ( 3)     Y,     Z,     X 
 ( 4)     X,     Y,    -Z 
 ( 5)    -Z,     X,     Y 
 ( 6)     Y,    -Z,     X 
 ( 7)    -Z,     X,    -Y 
 ( 8)    -Y,    -Z,     X 
 ( 9)     Y,    -Z,    -X 
 (10)    -X,     Y,    -Z 
 (11)    -Z,    -X,     Y 
 (12)     X,    -Y,    -Z 
 (13)     Y,     X,     Z 
 (14)     Z,     Y,     X 
 (15)     X,     Z,     Y 
 (16)     Y,     X,    -Z 
 (17)    -Z,     Y,     X 
 (18)     X,    -Z,     Y 
 (19)    -Z,     Y,    -X 
 (20)    -X,    -Z,     Y 
 (21)     X,    -Z,    -Y 
 (22)    -Y,     X,    -Z 
 (23)    -Z,    -Y,     X 
 (24)     Y,    -X,    -Z 

 Atoms:
   name    type  refine?   x         y         z      frac site sym  mult I/A   Uiso     U11     U22     U33     U12     U13     U23
---------------------------------------------------------------------------------------------------------------------------------------
     Br     Br     XU   0.50000   0.50000   0.50000   1.000    m3m    1    I 0.06656                                                
     Cs     Cs     XU   0.00000   0.00000   0.00000   1.000    m3m    1    I 0.06103                                                

 Unit cell: a = 4.29530 b = 4.29530 c = 4.29530 alpha = 90.000 beta = 90.000 gamma = 90.000 volume = 79.246 Refine? True

 Spherical harmonics texture: Order:0

 Phase name: PbBr2
=======================================================================================================================================

 X-ray scattering factors:
   Symbol     fa                                      fb                                      fc
---------------------------------------------------------------------------------------------------
 Br        17.17890   5.23580   5.63770   3.98510   2.17230  16.57960   0.26090  41.43280   2.95570
 Pb        31.06170  13.06370  18.44200   5.96960   0.69020   2.35760   8.61800  47.25790  13.41180

 Neutron scattering factors:
   Symbol   isotope       mass       b       resonant terms
---------------------------------------------------------------------------------------------------
 Br      Nat. Abund.     79.904    0.679
 Pb      Nat. Abund.    207.200    0.940

 Space Group: P n m a
 The lattice is centrosymmetric primitive orthorhombic
 The Laue symmetry is mmm
 The lattice point group is mmm
 Multiplicity of a general site is 8
 The inversion center is located at 0,0,0
 
 The equivalent positions are:

 ( 1)     X,     Y,     Z 
 ( 2) 1/2-X, 1/2+Y, 1/2+Z 
 ( 3)     X, 1/2-Y,     Z 
 ( 4) 1/2-X,    -Y, 1/2+Z 

 Atoms:
   name    type  refine?   x         y         z      frac site sym  mult I/A   Uiso     U11     U22     U33     U12     U13     U23
---------------------------------------------------------------------------------------------------------------------------------------
    Br1     Br     XU   0.01731   0.25000   0.65959   1.000   m(y)    4    I 0.04212                                                
    Br2     Br     XU   0.14163   0.25000   0.07303   1.000   m(y)    4    I 0.00748                                                
    Pb1     Pb     XU   0.23721   0.25000   0.41118   1.000   m(y)    4    I 0.04929                                                

 Unit cell: a = 8.06128 b = 4.73328 c = 9.54193 alpha = 90.000 beta = 90.000 gamma = 90.000 volume = 364.084 Refine? True

 Spherical harmonics texture: Order:0

 Phase name: CsPbBr3-Pbnm
=======================================================================================================================================

 X-ray scattering factors:
   Symbol     fa                                      fb                                      fc
---------------------------------------------------------------------------------------------------
 Cs        20.38920  19.10620  10.66200   1.49530   3.56900   0.31070  24.38790 213.90400   3.33520
 Pb        31.06170  13.06370  18.44200   5.96960   0.69020   2.35760   8.61800  47.25790  13.41180
 Br        17.17890   5.23580   5.63770   3.98510   2.17230  16.57960   0.26090  41.43280   2.95570

 Neutron scattering factors:
   Symbol   isotope       mass       b       resonant terms
---------------------------------------------------------------------------------------------------
 Cs      Nat. Abund.    132.905    0.542
 Pb      Nat. Abund.    207.200    0.940
 Br      Nat. Abund.     79.904    0.679

 Space Group: P b n m
 The lattice is centrosymmetric primitive orthorhombic
 The Laue symmetry is mmm
 The lattice point group is mmm
 Multiplicity of a general site is 8
 The inversion center is located at 0,0,0
 
 The equivalent positions are:

 ( 1)     X,     Y,     Z 
 ( 2) 1/2-X, 1/2+Y,     Z 
 ( 3) 1/2+X, 1/2-Y, 1/2+Z 
 ( 4)    -X,    -Y, 1/2+Z 

 Atoms:
   name    type  refine?   x         y         z      frac site sym  mult I/A   Uiso     U11     U22     U33     U12     U13     U23
---------------------------------------------------------------------------------------------------------------------------------------
    Cs1     Cs     XU   0.97952   0.97255   0.25000   1.000   m(z)    4    I 0.08530                                                
    Pb2     Pb     XU   0.50000   0.00000   0.00000   1.000     -1    4    I 0.05082                                                
    Br3     Br     XU   0.03548   0.48815   0.25000   1.000   m(z)    4    I 0.11812                                                
    Br4     Br     XU   0.80506   0.20808   0.02271   1.000      1    8    I 0.07950                                                

 Unit cell: a = 8.20812 b = 8.25140 c = 11.75448 alpha = 90.000 beta = 90.000 gamma = 90.000 volume = 796.113 Refine? True

 Spherical harmonics texture: Order:0

 Phase name: Cs4PbBr6-fit
=======================================================================================================================================

 X-ray scattering factors:
   Symbol     fa                                      fb                                      fc
---------------------------------------------------------------------------------------------------
 Pb        31.06170  13.06370  18.44200   5.96960   0.69020   2.35760   8.61800  47.25790  13.41180
 Cs        20.38920  19.10620  10.66200   1.49530   3.56900   0.31070  24.38790 213.90400   3.33520
 Br        17.17890   5.23580   5.63770   3.98510   2.17230  16.57960   0.26090  41.43280   2.95570

 Neutron scattering factors:
   Symbol   isotope       mass       b       resonant terms
---------------------------------------------------------------------------------------------------
 Pb      Nat. Abund.    207.200    0.940
 Cs      Nat. Abund.    132.905    0.542
 Br      Nat. Abund.     79.904    0.679

 Space Group: R -3 c
 The lattice is centrosymmetric R-centered trigonal
 The Laue symmetry is 3m1
 The lattice point group is -3m
 Multiplicity of a general site is 36
 The inversion center is located at 0,0,0
 
 The equivalent positions are:

 (0,0,0; 2/3,1/3,1/3; 1/3,2/3,2/3)+

 ( 1)     X,     Y,     Z 
 ( 2)    -Y,   X-Y,     Z 
 ( 3)   Y-X,    -X,     Z 
 ( 4)   Y-X,     Y, 1/2+Z 
 ( 5)    -Y,    -X, 1/2+Z 
 ( 6)     X,   X-Y, 1/2+Z 

 Atoms:
   name    type  refine?   x         y         z      frac site sym  mult I/A   Uiso     U11     U22     U33     U12     U13     U23
---------------------------------------------------------------------------------------------------------------------------------------
    Pb1     Pb     XU   0.00000   0.00000   0.00000   1.000     -3    6    I 0.04343                                                
    Cs2     Cs     XU  -0.28883  -0.33330  -0.08330   1.000 2(100)   18    I-0.00861                                                
    Cs3     Cs     XU   0.00000   0.00000   0.25000   1.00032(100)    6    I 0.03243                                                
    Br4     Br     XU   0.02076  -0.16061  -0.09607   1.000      1   36    I 0.04229                                                

 Unit cell: a = 13.71988 b = 13.71988 c = 17.30334 alpha = 90.000 beta = 90.000 gamma = 120.000 volume = 2820.729 Refine? True

 Spherical harmonics texture: Order:0

 Phase: CsBr in histogram: PWDR YN30_10N_speed1.0_groundCs_CsPbBr3_180min_20240616_182247_G01_S01.xye
=======================================================================================================================================
 Phase fraction  :    41.8417 Refine? True
 Extinction coeff:     0.0000 Refine? False
 March-Dollase PO:     1.0000 Refine? False Axis: 0 0 1

 Size model    : isotropic equatorial:       1.000 Refine? False
	 LG mixing coeff.:       1.0000 Refine? False

 Mustrain model:  uniaxial equatorial:      1000.0 Refine? False axial:      1000.0 Refine? False
	 LG mixing coeff.:      1.0000 Refine? False

 Hydrostatic/elastic strain:
 names :         D11          eA
 values:           0           0
 refine:       False       False

 Phase: PbBr2 in histogram: PWDR YN30_10N_speed1.0_groundCs_CsPbBr3_180min_20240616_182247_G01_S01.xye
=======================================================================================================================================
 Phase fraction  :     8.9003 Refine? True
 Extinction coeff:     0.0000 Refine? False
 March-Dollase PO:     1.0000 Refine? False Axis: 0 0 1

 Size model    : isotropic equatorial:       1.000 Refine? False
	 LG mixing coeff.:       1.0000 Refine? False

 Mustrain model:  uniaxial equatorial:      1000.0 Refine? False axial:      1000.0 Refine? False
	 LG mixing coeff.:      1.0000 Refine? False

 Hydrostatic/elastic strain:
 names :         D11         D22         D33
 values:           0           0           0
 refine:       False       False       False

 Phase: CsPbBr3-Pbnm in histogram: PWDR YN30_10N_speed1.0_groundCs_CsPbBr3_180min_20240616_182247_G01_S01.xye
=======================================================================================================================================
 Phase fraction  :     5.7325 Refine? True
 Extinction coeff:     0.0000 Refine? False
 March-Dollase PO:     1.0000 Refine? False Axis: 0 0 1

 Size model    : isotropic equatorial:       1.000 Refine? False
	 LG mixing coeff.:       1.0000 Refine? False

 Mustrain model:  uniaxial equatorial:      1000.0 Refine? False axial:      1000.0 Refine? False
	 LG mixing coeff.:      1.0000 Refine? False

 Hydrostatic/elastic strain:
 names :         D11         D22         D33
 values:           0           0           0
 refine:       False       False       False

 Phase: Cs4PbBr6-fit in histogram: PWDR YN30_10N_speed1.0_groundCs_CsPbBr3_180min_20240616_182247_G01_S01.xye
=======================================================================================================================================
 Phase fraction  :     1.1479 Refine? True
 Extinction coeff:     0.0000 Refine? False
 March-Dollase PO:     1.0000 Refine? False Axis: 0 0 1

 Size model    : isotropic equatorial:       1.000 Refine? False
	 LG mixing coeff.:       1.0000 Refine? False

 Mustrain model:  uniaxial equatorial:      1000.0 Refine? False axial:      1000.0 Refine? False
	 LG mixing coeff.:      1.0000 Refine? False

 Hydrostatic/elastic strain:
 names :         D11         D33
 values:           0           0
 refine:       False       False

 Histogram: PWDR YN30_10N_speed1.0_groundCs_CsPbBr3_180min_20240616_182247_G01_S01.xye histogram Id: 0
=======================================================================================================================================
 Instrument type: Bragg-Brentano
 Histogram limits:    10.00 deg to    50.00 deg

 Sample Parameters:
 Goniometer omega = 0.00, chi = 0.00, phi = 0.00
 name  :         Scale         Shift  Transparency    SurfRoughA    SurfRoughB
 value :        1.0000      163.3131        0.0000        0.0000        0.1499
 refine:         False          True         False         False          True

 Instrument Parameters:
 name  :     Azimuth        Bank I(L2)/I(L1)        Lam1        Lam2    Polariz.        SH/L
 value :    0.000000    1.000000    0.500000    1.540500    1.544300    0.700000    0.002000
 refine:                   False       False                               False       False

 name  :           U           V           W           X           Y           Z        Zero
 value :  283.160558 -221.422223   51.007332    0.000000   13.575855    0.000000    0.000000
 refine:        True        True        True       False        True       False       False

 Background function: log interpolate Refine? True
 Coefficients:    880.422   875.518   751.550   713.682   629.318   603.627   502.249   405.650   361.094   386.046   363.801
                  358.418   312.891   311.407   272.661

 Refinement results:
---------------------------------------------------------------------------------------------------------------------------------------
 Number of function calls: 4 No. of observations: 4001 No. of parameters: 64 User rejected: 0 Sp. gp. extinct: 0
 Refinement time =    3.165s,    3.165s/cycle, for 1 cycles
 wR =    7.11%, chi**2 =      17448.9, GOF =   2.11
----------------------------------------------------------------------------------------------------------------------------------
Parameters generated by constraints

 name  :          0::A0          3::A0
 value :        0.05420        0.00708
 sig   :        0.00000        0.00000

 Phases:
 Result for phase: CsBr
=======================================================================================================================================
 Reciprocal metric tensor: 
  names :            A11            A22            A33            A12            A13            A23
  values:    0.054202358    0.054202358    0.054202358    0.000000000    0.000000000    0.000000000
  esds  :    0.000003948                                                                           
 New unit cell:
  names :           a           b           c       alpha        beta       gamma      Volume
  values:    4.295274    4.295274    4.295274     90.0000     90.0000     90.0000      79.245
  esds  :    0.000156    0.000156    0.000156                                           0.009

 Atoms:
   name      x         y         z      frac   Uiso     U11     U22     U33     U12     U13     U23
---------------------------------------------------------------------------------------------------------------------------------------
     Br     Br:
 values:   0.50000   0.50000   0.50000   1.000 0.06649
 sig   :                                       0.00430
     Cs     Cs:
 values:   0.00000   0.00000   0.00000   1.000 0.06108
 sig   :                                       0.00379

 Density: 4.459299.4 g/cm**3
 Result for phase: PbBr2
=======================================================================================================================================
 Reciprocal metric tensor: 
  names :            A11            A22            A33            A12            A13            A23
  values:    0.015388365    0.044635592    0.010983264    0.000000000    0.000000000    0.000000000
  esds  :    0.000001024    0.000003342    0.000000797                                             
 New unit cell:
  names :           a           b           c       alpha        beta       gamma      Volume
  values:    8.061275    4.733249    9.541887     90.0000     90.0000     90.0000     364.080
  esds  :    0.000268    0.000177    0.000346                                           0.024

 Atoms:
   name      x         y         z      frac   Uiso     U11     U22     U33     U12     U13     U23
---------------------------------------------------------------------------------------------------------------------------------------
    Br1     Br:
 values:   0.01730   0.25000   0.65954   1.000 0.04334
 sig   :   0.00081             0.00059         0.00430
    Br2     Br:
 values:   0.14150   0.25000   0.07293   1.000 0.00855
 sig   :   0.00057             0.00076         0.00370
    Pb1     Pb:
 values:   0.23722   0.25000   0.41130   1.000 0.05015
 sig   :   0.00045             0.00033         0.00283

 Density: 6.695569.4 g/cm**3
 Result for phase: CsPbBr3-Pbnm
=======================================================================================================================================
 Reciprocal metric tensor: 
  names :            A11            A22            A33            A12            A13            A23
  values:    0.014842824    0.014687334    0.007237693    0.000000000    0.000000000    0.000000000
  esds  :    0.000001613    0.000001486    0.000000597                                             
 New unit cell:
  names :           a           b           c       alpha        beta       gamma      Volume
  values:    8.208083    8.251417   11.754385     90.0000     90.0000     90.0000     796.105
  esds  :    0.000446    0.000417    0.000485                                           0.062

 Atoms:
   name      x         y         z      frac   Uiso     U11     U22     U33     U12     U13     U23
---------------------------------------------------------------------------------------------------------------------------------------
    Cs1     Cs:
 values:   0.97955   0.97325   0.25000   1.000 0.08716
 sig   :   0.00161   0.00154                   0.00429
    Pb2     Pb:
 values:   0.50000   0.00000   0.00000   1.000 0.05098
 sig   :                                       0.00264
    Br3     Br:
 values:   0.03454   0.48434   0.25000   1.000 0.11960
 sig   :   0.00269   0.00312                   0.00753
    Br4     Br:
 values:   0.80567   0.20875   0.02276   1.000 0.07914
 sig   :   0.00130   0.00164   0.00105         0.00502

 Density: 4.837602.4 g/cm**3
 Result for phase: Cs4PbBr6-fit
=======================================================================================================================================
 Reciprocal metric tensor: 
  names :            A11            A22            A33            A12            A13            A23
  values:    0.007083361    0.007083361    0.003339924    0.007083361    0.000000000    0.000000000
  esds  :    0.000000616                   0.000000352                                             
 New unit cell:
  names :           a           b           c       alpha        beta       gamma      Volume
  values:   13.719860   13.719860   17.303410     90.0000     90.0000    120.0000    2820.731
  esds  :    0.000995    0.000995    0.000911                                           0.288

 Atoms:
   name      x         y         z      frac   Uiso     U11     U22     U33     U12     U13     U23
---------------------------------------------------------------------------------------------------------------------------------------
    Pb1     Pb:
 values:   0.00000   0.00000   0.00000   1.000 0.04454
 sig   :                                       0.00389
    Cs2     Cs:
 values:  -0.28878  -0.33330  -0.08330   1.000-0.00828
 sig   :   0.00086                             0.00379
    Cs3     Cs:
 values:   0.00000   0.00000   0.25000   1.000 0.03956
 sig   :                                       0.00479
    Br4     Br:
 values:   0.01963  -0.16157  -0.09622   1.000 0.04818
 sig   :   0.00103   0.00090   0.00062         0.00313

 Density: 4.303018.4 g/cm**3

 Phase: CsBr in histogram: PWDR YN30_10N_speed1.0_groundCs_CsPbBr3_180min_20240616_182247_G01_S01.xye
=======================================================================================================================================
 Final refinement RF, RF^2 = 2.18%, 1.74% on 5 reflections
 Durbin-Watson statistic = 0.337
 Bragg intensity sum = 2.54e+05
 Phase fraction  :   42.12097, sig    1.05600 Weight fraction  :  0.20297, sig    0.00509

 Phase: PbBr2 in histogram: PWDR YN30_10N_speed1.0_groundCs_CsPbBr3_180min_20240616_182247_G01_S01.xye
=======================================================================================================================================
 Final refinement RF, RF^2 = 3.40%, 6.15% on 41 reflections
 Durbin-Watson statistic = 0.337
 Bragg intensity sum = 5.64e+05
 Phase fraction  :    8.99652, sig    0.21416 Weight fraction  :  0.29906, sig    0.00712

 Phase: CsPbBr3-Pbnm in histogram: PWDR YN30_10N_speed1.0_groundCs_CsPbBr3_180min_20240616_182247_G01_S01.xye
=======================================================================================================================================
 Final refinement RF, RF^2 = 3.27%, 3.49% on 77 reflections
 Durbin-Watson statistic = 0.337
 Bragg intensity sum = 5.17e+05
 Phase fraction  :    5.79383, sig    0.14928 Weight fraction  :  0.30427, sig    0.00784

 Phase: Cs4PbBr6-fit in histogram: PWDR YN30_10N_speed1.0_groundCs_CsPbBr3_180min_20240616_182247_G01_S01.xye
=======================================================================================================================================
 Final refinement RF, RF^2 = 5.15%, 10.48% on 55 reflections
 Durbin-Watson statistic = 0.337
 Bragg intensity sum = 3.71e+05
 Phase fraction  :    1.17029, sig    0.01893 Weight fraction  :  0.19370, sig    0.00313

 Histogram: PWDR YN30_10N_speed1.0_groundCs_CsPbBr3_180min_20240616_182247_G01_S01.xye histogram Id: 0
=======================================================================================================================================
 PWDR histogram weight factor = 1.000
 Final refinement wR = 7.11% on 4001 observations in this histogram
 Other residuals: R = 5.46%, R-bkg = 5.66%, wR-bkg = 7.11% wRmin = 3.40%
 Instrument type: Bragg-Brentano

 Resonant form factors:(ref: D.T. Cromer & D.A. Liberman (1981), Acta Cryst. A37, 267-268.)
 Element:       Br       Cs       Pb
 f'     :   -0.679   -0.745   -4.078
 f"     :    1.281    7.902    8.501

 Sample Parameters:
 names :         Scale         Shift  Transparency    SurfRoughA    SurfRoughB
 values:        1.0000      163.5347        0.0000        0.0000        0.1517
 sig   :                      1.1891                                    0.0030

 Instrument Parameters:
 names :           U           V           W           X           Y           Z        Zero
 value :  282.620871 -221.575084   51.106065    0.000000   13.589287    0.000000    0.000000
 sig   :   38.941790   22.885339    3.208631                0.421112                        

 Background function: log interpolate
 value :      880.5     875.2     752.7     713.7       630     603.2     502.6     404.6     360.4     387.5     360.6     361.1     310.9     311.8     272.4
 sig   :      10.42     7.477     8.319     5.975     5.397     4.943     4.956     5.672     4.278     4.889     4.097     3.948     4.798     5.868     6.694
 Background sums: empirical 1.74e+06, Debye 0, peaks 0, Total 1.74e+06
